./HACKRF
./HACKRF/libboost-serialization1.62-dev_1.62.0+dfsg-4+b1_armhf.deb
./HACKRF/libboost-date-time1.62.0_1.62.0+dfsg-4+b1_armhf.deb
./HACKRF/libvolk1-bin_1.3-1+b4_armhf.deb
./HACKRF/python-functools32_3.2.3.2-3_all.deb
./HACKRF/libcomedi0_0.10.2-4+b4_armhf.deb
./HACKRF/liblimesuite16.12-1_16.12.0+dfsg-1_armhf.deb
./HACKRF/python-urllib3_1.21.1-1_all.deb
./HACKRF/qtchooser_63-g13a3d08-1_armhf.deb
./HACKRF/libcilkrts5_7.1.0-10_armhf.deb
./HACKRF/libgnuradio-comedi3.7.10_3.7.10.1-2+b3_armhf.deb
./HACKRF/libgcc-6-dev_6.4.0-1_armhf.deb
./HACKRF/libubsan0_7.1.0-10_armhf.deb
./HACKRF/curl_7.52.1-5_armhf.deb
./HACKRF/python-openssl_16.2.0-1_all.deb
./HACKRF/rtl-sdr_0.5.3-11+b2_armhf.deb
./HACKRF/python-qwt5-qt4_5.2.1~cvs20091107+dfsg-8_armhf.deb
./HACKRF/soapysdr0.5-2-module-all_0.5.4-1_armhf.deb
./HACKRF/libboost-filesystem1.62-dev_1.62.0+dfsg-4+b1_armhf.deb
./HACKRF/libgnuradio-trellis3.7.10_3.7.10.1-2+b3_armhf.deb
./HACKRF/python-certifi_2017.4.17-2_all.deb
./HACKRF/libboost-atomic1.62.0_1.62.0+dfsg-4+b1_armhf.deb
./HACKRF/soapysdr0.5-2-module-remote_0.3.2-1_armhf.deb
./HACKRF/libqt4-test_4%3a4.8.7+dfsg-11_armhf.deb
./HACKRF/soapysdr0.5-2-module-audio_0~git20160607-2_armhf.deb
./HACKRF/libqt4-opengl_4%3a4.8.7+dfsg-11_armhf.deb
./HACKRF/libgnuradio-osmosdr0.1.4_0.1.4-12+b1_armhf.deb
./HACKRF/libcdt5_2.38.0-17+b2_armhf.deb
./HACKRF/libboost-system1.62-dev_1.62.0+dfsg-4+b1_armhf.deb
./HACKRF/libqt4-xml_4%3a4.8.7+dfsg-11_armhf.deb
./HACKRF/python-zmq_16.0.2-2+b1_armhf.deb
./HACKRF/libboost-timer1.62.0_1.62.0+dfsg-4+b1_armhf.deb
./HACKRF/libgnuradio-atsc3.7.10_3.7.10.1-2+b3_armhf.deb
./HACKRF/libgnuradio-wxgui3.7.10_3.7.10.1-2+b3_armhf.deb
./HACKRF/ttf-bitstream-vera_1.10-8_all.deb
./HACKRF/libgnuradio-fosphor3.7.10_3.7.0.2.7b6b996-1+b2_armhf.deb
./HACKRF/libvolk1.3_1.3-1+b4_armhf.deb
./HACKRF/g++-6_6.4.0-1_armhf.deb
./HACKRF/libqt4-sql-mysql_4%3a4.8.7+dfsg-11_armhf.deb
./HACKRF/libqwt5-qt4_5.2.3-1_armhf.deb
./HACKRF/python-pil_4.2.1-1_armhf.deb
./HACKRF/python-chardet_3.0.4-1_all.deb
./HACKRF/libjs-jquery_3.1.1-2_all.deb
./HACKRF/libjs-jquery-ui_1.12.1+dfsg-5_all.deb
./HACKRF/libglfw3_3.2.1-1_armhf.deb
./HACKRF/libfftw3-dev_3.3.6p2-1_armhf.deb
./HACKRF/libaudio2_1.9.4-6_armhf.deb
./HACKRF/libsoapysdr0.5-2_0.5.4-1_armhf.deb
./HACKRF/freeglut3_2.8.1-3_armhf.deb
./HACKRF/libgnuradio-analog3.7.10_3.7.10.1-2+b3_armhf.deb
./HACKRF/python-matplotlib-data_2.0.0+dfsg1-2_all.deb
./HACKRF/libgnuradio-fft3.7.10_3.7.10.1-2+b3_armhf.deb
./HACKRF/python-pyparsing_2.1.10+dfsg1-1_all.deb
./HACKRF/libqtcore4_4%3a4.8.7+dfsg-11_armhf.deb
./HACKRF/python-cycler_0.10.0-1_all.deb
./HACKRF/python-dev_2.7.13-2_armhf.deb
./HACKRF/libgnuradio-fcdproplus3.7.10_3.7.25.4b6464b-2+b2_armhf.deb
./HACKRF/python-cheetah_2.4.4-4_armhf.deb
./HACKRF/hackrf_2017.02.1-0kali1_armhf.deb
./HACKRF/libgnuradio-runtime3.7.10_3.7.10.1-2+b3_armhf.deb
./HACKRF/soapysdr0.5-2-module-airspy_0.1.0-1_armhf.deb
./HACKRF/libsdl1.2debian_1.2.15+dfsg2-0.1_armhf.deb
./HACKRF/libboost-system-dev_1.62.0.1_armhf.deb
./HACKRF/libgd3_2.2.4-2_armhf.deb
./HACKRF/libboost-thread1.62-dev_1.62.0+dfsg-4+b1_armhf.deb
./HACKRF/gr-fosphor_3.7.0.2.7b6b996-1+b2_armhf.deb
./HACKRF/libcppunit-1.14-0_1.14.0-3_armhf.deb
./HACKRF/libgts-bin_0.7.6+darcs121130-4_armhf.deb
./HACKRF/libmirisdr0_0.0.4.59ba37-5+b1_armhf.deb
./HACKRF/libqtdbus4_4%3a4.8.7+dfsg-11_armhf.deb
./HACKRF/python-asn1crypto_0.22.0-1_all.deb
./HACKRF/libgnuradio-iqbalance3.7.10_0.37.2-7+b2_armhf.deb
./HACKRF/libhidapi-libusb0_0.8.0~rc1+git20140818.d17db57+dfsg-1_armhf.deb
./HACKRF/libqt4-declarative_4%3a4.8.7+dfsg-11_armhf.deb
./HACKRF/gnuradio_3.7.10.1-2+b3_armhf.deb
./HACKRF/libasan3_6.4.0-1_armhf.deb
./HACKRF/python-idna_2.5-1_all.deb
./HACKRF/libcodec2-0.4_0.5.1-1+b2_armhf.deb
./HACKRF/libboost-test1.62-dev_1.62.0+dfsg-4+b1_armhf.deb
./HACKRF/fontconfig-config_2.12.3-0.2_all.deb
./HACKRF/libcurl3_7.52.1-5_armhf.deb
./HACKRF/libqt4-dbus_4%3a4.8.7+dfsg-11_armhf.deb
./HACKRF/libcc1-0_7.1.0-10_armhf.deb
./HACKRF/libosmosdr0_0.1.8.effcaa7-7+b1_armhf.deb
./HACKRF/g++_4%3a6.3.0-4d1_armhf.deb
./HACKRF/gnuradio-dev_3.7.10.1-2+b3_armhf.deb
./HACKRF/libboost-serialization1.62.0_1.62.0+dfsg-4+b1_armhf.deb
./HACKRF/libexpat1_2.2.3-1_armhf.deb
./HACKRF/python-wxgtk3.0_3.0.2.0+dfsg-4_armhf.deb
./HACKRF/libmng1_1.0.10+dfsg-3.1+b5_armhf.deb
./HACKRF/libatomic1_7.1.0-10_armhf.deb
./HACKRF/liblog4cpp5-dev_1.1.1-3_armhf.deb
./HACKRF/python-gobject-2_2.28.6-13_armhf.deb
./HACKRF/libstdc++-6-dev_6.4.0-1_armhf.deb
./HACKRF/libboost1.62-dev_1.62.0+dfsg-4+b1_armhf.deb
./HACKRF/qdbus_4%3a4.8.7+dfsg-11_armhf.deb
./HACKRF/librtlsdr0_0.5.3-11+b2_armhf.deb
./HACKRF/soapysdr0.5-2-module-redpitaya_0.1.0-1_armhf.deb
./HACKRF/libglade2-0_1%3a2.6.4-2+b1_armhf.deb
./HACKRF/libxdot4_2.38.0-17+b2_armhf.deb
./HACKRF/libqtgui4_4%3a4.8.7+dfsg-11_armhf.deb
./HACKRF/libgnuradio-qtgui3.7.10_3.7.10.1-2+b3_armhf.deb
./HACKRF/libtk8.6_8.6.6-1+b1_armhf.deb
./HACKRF/libgnuradio-uhd3.7.10_3.7.10.1-2+b3_armhf.deb
./HACKRF/python-numpy_1%3a1.12.1-3+b2_armhf.deb
./HACKRF/linux-libc-dev_4.11.6-1kali1_armhf.deb
./HACKRF/python-cairo_1.8.8-2.2_armhf.deb
./HACKRF/gcc-6-base_6.4.0-1_armhf.deb
./HACKRF/soapysdr0.5-2-module-hackrf_0.2.2-1_armhf.deb
./HACKRF/libfftw3-bin_3.3.6p2-1_armhf.deb
./HACKRF/python-olefile_0.44-1_all.deb
./HACKRF/soapysdr0.5-2-module-uhd_0.3.2-1_armhf.deb
./HACKRF/libboost-atomic1.62-dev_1.62.0+dfsg-4+b1_armhf.deb
./HACKRF/gr-iqbal_0.37.2-7+b2_armhf.deb
./HACKRF/ocl-icd-libopencl1_2.2.11-1_armhf.deb
./HACKRF/libgomp1_7.1.0-10_armhf.deb
./HACKRF/graphviz_2.38.0-17+b2_armhf.deb
./HACKRF/libgfortran3_6.4.0-1_armhf.deb
./HACKRF/libboost-thread1.62.0_1.62.0+dfsg-4+b1_armhf.deb
./HACKRF/libboost-system1.62.0_1.62.0+dfsg-4+b1_armhf.deb
./HACKRF/python-glade2_2.24.0-5.1_armhf.deb
./HACKRF/libfontconfig1_2.12.3-0.2_armhf.deb
./HACKRF/python-cryptography_1.9-1_armhf.deb
./HACKRF/libportaudio2_19.6.0-1_armhf.deb
./HACKRF/libwxgtk3.0-0v5_3.0.3.1+dfsg-1_armhf.deb
./HACKRF/libgnuradio-fcd3.7.10_3.7.10.1-2+b3_armhf.deb
./HACKRF/python2.7-dev_2.7.13-2_armhf.deb
./HACKRF/gcc-7-base_7.1.0-10_armhf.deb
./HACKRF/libqt4-svg_4%3a4.8.7+dfsg-11_armhf.deb
./HACKRF/manpages_4.12-2_all.deb
./HACKRF/python-tk_2.7.13-1_armhf.deb
./HACKRF/libgnuradio-wavelet3.7.10_3.7.10.1-2+b3_armhf.deb
./HACKRF/libgnuradio-channels3.7.10_3.7.10.1-2+b3_armhf.deb
./HACKRF/python-qt4_4.11.4+dfsg-2kali2_armhf.deb
./HACKRF/libgcc1_1%3a7.1.0-10_armhf.deb
./HACKRF/libqt4-scripttools_4%3a4.8.7+dfsg-11_armhf.deb
./HACKRF/libgnuradio-vocoder3.7.10_3.7.10.1-2+b3_armhf.deb
./HACKRF/libgts-0.7-5_0.7.6+darcs121130-4_armhf.deb
./HACKRF/python-cffi-backend_1.9.1-2+b1_armhf.deb
./HACKRF/libgvpr2_2.38.0-17+b2_armhf.deb
./HACKRF/python-enum34_1.1.6-1_all.deb
./HACKRF/libboost-program-options-dev_1.62.0.1_armhf.deb
./HACKRF/soapysdr0.5-2-module-lms7_16.12.0+dfsg-1_armhf.deb
./HACKRF/python-requests_2.18.1-1_all.deb
./HACKRF/python-tz_2017.2-2_all.deb
./HACKRF/libboost-filesystem-dev_1.62.0.1_armhf.deb
./HACKRF/libboost-regex1.62.0_1.62.0+dfsg-4+b1_armhf.deb
./HACKRF/libhamlib2_3.1-7_armhf.deb
./HACKRF/python-yaml_3.12-1+b1_armhf.deb
./HACKRF/libboost-chrono1.62.0_1.62.0+dfsg-4+b1_armhf.deb
./HACKRF/python-sip_4.18.1+dfsg-2+b1_armhf.deb
./HACKRF/liblapack3_3.7.1-1_armhf.deb
./HACKRF/tk8.6-blt2.5_2.5.3+dfsg-3_armhf.deb
./HACKRF/fonts-lyx_2.2.3-1_all.deb
./HACKRF/python-opengl_3.1.0+dfsg-1_all.deb
./HACKRF/libcppunit-dev_1.14.0-3_armhf.deb
./HACKRF/libcgraph6_2.38.0-17+b2_armhf.deb
./HACKRF/libc-dev-bin_2.24-12_armhf.deb
./HACKRF/gcc_4%3a6.3.0-4d1_armhf.deb
./HACKRF/cpp_4%3a6.3.0-4d1_armhf.deb
./HACKRF/libc6_2.24-12_armhf.deb
./HACKRF/libgnuradio-filter3.7.10_3.7.10.1-2+b3_armhf.deb
./HACKRF/libexpat1-dev_2.2.3-1_armhf.deb
./HACKRF/libgnuradio-digital3.7.10_3.7.10.1-2+b3_armhf.deb
./HACKRF/libqt4-help_4%3a4.8.7+dfsg-11_armhf.deb
./HACKRF/gqrx-sdr_2.6-1+kali2_armhf.deb
./HACKRF/libasan4_7.1.0-10_armhf.deb
./HACKRF/libgnuradio-fec3.7.10_3.7.10.1-2+b3_armhf.deb
./HACKRF/libpython2.7-dev_2.7.13-2_armhf.deb
./HACKRF/cpp-6_6.4.0-1_armhf.deb
./HACKRF/python-decorator_4.1.1-1_all.deb
./HACKRF/libann0_1.1.2+doc-6_armhf.deb
./HACKRF/libgnuradio-pmt3.7.10_3.7.10.1-2+b3_armhf.deb
./HACKRF/libgnuradio-zeromq3.7.10_3.7.10.1-2+b3_armhf.deb
./HACKRF/libgnuradio-blocks3.7.10_3.7.10.1-2+b3_armhf.deb
./HACKRF/python-ipaddress_1.0.17-1_all.deb
./HACKRF/libgnuradio-dtv3.7.10_3.7.10.1-2+b3_armhf.deb
./HACKRF/limesuite-udev_16.12.0+dfsg-1_all.deb
./HACKRF/libqt4-xmlpatterns_4%3a4.8.7+dfsg-11_armhf.deb
./HACKRF/libgnuradio-audio3.7.10_3.7.10.1-2+b3_armhf.deb
./HACKRF/libgnuradio-noaa3.7.10_3.7.10.1-2+b3_armhf.deb
./HACKRF/librtaudio5a_4.1.2~ds0-4_armhf.deb
./HACKRF/soapysdr0.5-2-module-rtlsdr_0.2.2-2_armhf.deb
./HACKRF/libboost-date-time1.62-dev_1.62.0+dfsg-4+b1_armhf.deb
./HACKRF/python-imaging_4.2.1-1_all.deb
./HACKRF/libboost-filesystem1.62.0_1.62.0+dfsg-4+b1_armhf.deb
./HACKRF/libgcc-7-dev_7.1.0-10_armhf.deb
./HACKRF/libc6-dev_2.24-12_armhf.deb
./HACKRF/gcc-6_6.4.0-1_armhf.deb
./HACKRF/python-pygraphviz_1.4~rc1-1+b1_armhf.deb
./HACKRF/libwebpdemux2_0.6.0-3_armhf.deb
./HACKRF/libtcl8.6_8.6.6+dfsg-1+b1_armhf.deb
./HACKRF/libfftw3-double3_3.3.6p2-1_armhf.deb
./HACKRF/blt_2.5.3+dfsg-3_armhf.deb
./HACKRF/libgsl2_2.3+dfsg-1_armhf.deb
./HACKRF/libqtassistantclient4_4.6.3-7+b1_armhf.deb
./HACKRF/libgnuradio-video-sdl3.7.10_3.7.10.1-2+b3_armhf.deb
./HACKRF/libairspy0_1.0.9-1+b2_armhf.deb
./HACKRF/libqt4-sql_4%3a4.8.7+dfsg-11_armhf.deb
./HACKRF/python-matplotlib_2.0.0+dfsg1-2+b1_armhf.deb
./HACKRF/qt-at-spi_0.4.0-5_armhf.deb
./HACKRF/libbladerf1_0.2016.06-2_armhf.deb
./HACKRF/qtcore4-l10n_4%3a4.8.7+dfsg-11_all.deb
./HACKRF/libboost-test-dev_1.62.0.1_armhf.deb
./HACKRF/libqt4-network_4%3a4.8.7+dfsg-11_armhf.deb
./HACKRF/libboost-test1.62.0_1.62.0+dfsg-4+b1_armhf.deb
./HACKRF/libboost-program-options1.62.0_1.62.0+dfsg-4+b1_armhf.deb
./HACKRF/python-subprocess32_3.2.7-2_armhf.deb
./HACKRF/libhackrf0_2017.02.1-0kali1_armhf.deb
./HACKRF/libstdc++-7-dev_7.1.0-10_armhf.deb
./HACKRF/uhd-host_3.9.5-2+b3_armhf.deb
./HACKRF/libwxbase3.0-0v5_3.0.3.1+dfsg-1_armhf.deb
./HACKRF/libqt4-script_4%3a4.8.7+dfsg-11_armhf.deb
./HACKRF/libuhd003_3.9.5-2+b3_armhf.deb
./HACKRF/libgvc6_2.38.0-17+b2_armhf.deb
./HACKRF/libboost-chrono1.62-dev_1.62.0+dfsg-4+b1_armhf.deb
./HACKRF/fonts-liberation_1%3a1.07.4-2_all.deb
./HACKRF/libqt4-designer_4%3a4.8.7+dfsg-11_armhf.deb
./HACKRF/libpython-dev_2.7.13-2_armhf.deb
./HACKRF/python-networkx_1.11-2_all.deb
./HACKRF/libboost-date-time-dev_1.62.0.1_armhf.deb
./HACKRF/manpages-dev_4.12-2_all.deb
./HACKRF/python-scipy_0.18.1-2+b1_armhf.deb
./HACKRF/gr-osmosdr_0.1.4-12+b1_armhf.deb
./HACKRF/libstdc++6_7.1.0-10_armhf.deb
./HACKRF/libboost-thread-dev_1.62.0.1_armhf.deb
./HACKRF/libfftw3-single3_3.3.6p2-1_armhf.deb
./HACKRF/gr-fcdproplus_3.7.25.4b6464b-2+b2_armhf.deb
./HACKRF/python-gtk2_2.24.0-5.1_armhf.deb
./HACKRF/python-wxversion_3.0.2.0+dfsg-4_all.deb
./HACKRF/soapysdr0.5-2-module-bladerf_0.3.2-2_armhf.deb
./HACKRF/liblog4cpp5v5_1.1.1-3_armhf.deb
./HACKRF/python-dateutil_2.6.0-1_all.deb
./HACKRF/libboost-program-options1.62-dev_1.62.0+dfsg-4+b1_armhf.deb
./HACKRF/libwebpmux3_0.6.0-3_armhf.deb
./HACKRF/libpathplan4_2.38.0-17+b2_armhf.deb
./HACKRF/libgnuradio-pager3.7.10_3.7.10.1-2+b3_armhf.deb
./HACKRF/libvolk1-dev_1.3-1+b4_armhf.deb
./ALSA
./ALSA/alsa-utils_1.1.3-1_armhf.deb
./ALSA/alsa-oss_1.0.28-1+b2_armhf.deb
./TMUX
./TMUX/libutempter0_1.1.6-3_armhf.deb
./TMUX/libevent-2.1-6_2.1.8-stable-4_armhf.deb
./TMUX/tmux_2.5-3+b1_armhf.deb
./PCI
./PCI/libpci3_1%3a3.5.2-1_armhf.deb
./PCI/pciutils_1%3a3.5.2-1_armhf.deb
./UPGRADE
./UPGRADE/libqt5dbus5_5.7.1+dfsg-4_armhf.deb
./UPGRADE/python-apt-common_1.4.0~beta3_all.deb
./UPGRADE/python3-minimal_3.5.3-3_armhf.deb
./UPGRADE/python-samba_2%3a4.6.5+dfsg-8_armhf.deb
./UPGRADE/libqt5network5_5.7.1+dfsg-4_armhf.deb
./UPGRADE/xxd_2%3a8.0.0197-5+b1_armhf.deb
./UPGRADE/libpipeline1_1.4.2-1_armhf.deb
./UPGRADE/libtdb1_1.3.13-2_armhf.deb
./UPGRADE/libpostproc54_7%3a3.3.3-1_armhf.deb
./UPGRADE/iptables_1.6.1-2_armhf.deb
./UPGRADE/libelf1_0.168-1_armhf.deb
./UPGRADE/xorg_1%3a7.7+19_armhf.deb
./UPGRADE/tumbler-common_0.1.32-1_all.deb
./UPGRADE/openssl_1.1.0f-4_armhf.deb
./UPGRADE/libdrm-radeon1_2.4.82-1_armhf.deb
./UPGRADE/libsqlite3-0_3.19.3-3_armhf.deb
./UPGRADE/libgcr-base-3-1_3.20.0-5.1_armhf.deb
./UPGRADE/libfastjson4_0.99.6-1_armhf.deb
./UPGRADE/libpng16-16_1.6.31-1_armhf.deb
./UPGRADE/libldap-2.4-2_2.4.45+dfsg-1_armhf.deb
./UPGRADE/wireshark_2.2.7-1_armhf.deb
./UPGRADE/debconf_1.5.63_all.deb
./UPGRADE/libfreetype6_2.8-0.2_armhf.deb
./UPGRADE/libdrm-freedreno1_2.4.82-1_armhf.deb
./UPGRADE/ssl-cert_1.0.39_all.deb
./UPGRADE/libxss1_1%3a1.2.2-1+b2_armhf.deb
./UPGRADE/rsyslog_8.28.0-1_armhf.deb
./UPGRADE/libqt5opengl5_5.7.1+dfsg-4_armhf.deb
./UPGRADE/libsbc1_1.3-2_armhf.deb
./UPGRADE/libncursesw5_6.0+20170715-2_armhf.deb
./UPGRADE/libnss3_2%3a3.31-1_armhf.deb
./UPGRADE/xserver-xorg-legacy_2%3a1.19.3-2_armhf.deb
./UPGRADE/python-talloc_2.1.9-2_armhf.deb
./UPGRADE/libinput10_1.8.0-1_armhf.deb
./UPGRADE/libaudit1_1%3a2.7.7-1+b2_armhf.deb
./UPGRADE/libss2_1.43.5-1_armhf.deb
./UPGRADE/xfce4-notifyd_0.3.6-1_armhf.deb
./UPGRADE/libqt5gui5_5.7.1+dfsg-4_armhf.deb
./UPGRADE/dbus-x11_1.11.16+really1.10.22-1_armhf.deb
./UPGRADE/gstreamer1.0-plugins-good_1.12.2-1_armhf.deb
./UPGRADE/libmagic-mgc_1%3a5.31-1_armhf.deb
./UPGRADE/libgtk-3-0_3.22.17-1_armhf.deb
./UPGRADE/libogg0_1.3.2-1+b1_armhf.deb
./UPGRADE/xkb-data_2.19-1.1_all.deb
./UPGRADE/dpkg_1.18.24kali2_armhf.deb
./UPGRADE/geoip-database-extra_20170713-1_all.deb
./UPGRADE/libssl1.0.2_1.0.2l-2_armhf.deb
./UPGRADE/libgl1-mesa-dri_13.0.6-1+b2_armhf.deb
./UPGRADE/libpam-gnome-keyring_3.20.1-1_armhf.deb
./UPGRADE/dmsetup_2%3a1.02.137-2+b1_armhf.deb
./UPGRADE/libpcre3_2%3a8.39-4_armhf.deb
./UPGRADE/python-ldb_2%3a1.1.29-2_armhf.deb
./UPGRADE/xserver-xorg_1%3a7.7+19_armhf.deb
./UPGRADE/libcomerr2_1.43.5-1_armhf.deb
./UPGRADE/mount_2.29.2-2_armhf.deb
./UPGRADE/libflite1_2.0.0-release-4_armhf.deb
./UPGRADE/gnupg_2.1.18-8_armhf.deb
./UPGRADE/p11-kit-modules_0.23.7-3_armhf.deb
./UPGRADE/libselinux1_2.6-3+b2_armhf.deb
./UPGRADE/libevdev2_1.5.7+dfsg-1_armhf.deb
./UPGRADE/firebird3.0-common_3.0.2.32703.ds4-9_all.deb
./UPGRADE/dnsmasq-base_2.77-2_armhf.deb
./UPGRADE/libnfnetlink0_1.0.1-3+b1_armhf.deb
./UPGRADE/libusb-1.0-0_2%3a1.0.21-2_armhf.deb
./UPGRADE/mesa-va-drivers_13.0.6-1+b2_armhf.deb
./UPGRADE/libgeoip1_1.6.11-2_armhf.deb
./UPGRADE/libapr1_1.6.2-1_armhf.deb
./UPGRADE/libgpg-error0_1.27-3_armhf.deb
./UPGRADE/rsync_3.1.2-2_armhf.deb
./UPGRADE/libnspr4_2%3a4.15-1_armhf.deb
./UPGRADE/libva-drm1_1.8.3-1_armhf.deb
./UPGRADE/smbclient_2%3a4.6.5+dfsg-8_armhf.deb
./UPGRADE/pulseaudio-utils_10.0-2_armhf.deb
./UPGRADE/gstreamer1.0-x_1.12.2-1_armhf.deb
./UPGRADE/libgtk-3-bin_3.22.17-1_armhf.deb
./UPGRADE/samba-libs_2%3a4.6.5+dfsg-8_armhf.deb
./UPGRADE/libwsutil7_2.2.7-1_armhf.deb
./UPGRADE/libgme0_0.6.1-1_armhf.deb
./UPGRADE/iceweasel_52.2.0esr-2_all.deb
./UPGRADE/firebird3.0-common-doc_3.0.2.32703.ds4-9_all.deb
./UPGRADE/libatk1.0-data_2.24.0-1_all.deb
./UPGRADE/libserf-1-1_1.3.9-3_armhf.deb
./UPGRADE/libblas3_3.7.1-1_armhf.deb
./UPGRADE/libpam-runtime_1.1.8-3.6_all.deb
./UPGRADE/libdns-export162_1%3a9.10.3.dfsg.P4-12.5_armhf.deb
./UPGRADE/apache2_2.4.27-2_armhf.deb
./UPGRADE/libvte-2.91-0_0.46.2-1_armhf.deb
./UPGRADE/init-system-helpers_1.48kali1_all.deb
./UPGRADE/python3.5-minimal_3.5.4~rc1-1_armhf.deb
./UPGRADE/gsettings-desktop-schemas_3.24.0-2_all.deb
./UPGRADE/adwaita-icon-theme_3.24.0-1_all.deb
./UPGRADE/tango-icon-theme_0.8.90-7_all.deb
./UPGRADE/libxtables12_1.6.1-2_armhf.deb
./UPGRADE/libapt-inst2.0_1.5~beta1_armhf.deb
./UPGRADE/lightdm_1.18.3-4_armhf.deb
./UPGRADE/rtkit_0.11-5_armhf.deb
./UPGRADE/apache2-bin_2.4.27-2_armhf.deb
./UPGRADE/libdpkg-perl_1.18.24kali2_all.deb
./UPGRADE/exfat-utils_1.2.7-1_armhf.deb
./UPGRADE/locales_2.24-12_all.deb
./UPGRADE/light-locker_1.8.0-1_armhf.deb
./UPGRADE/libk5crypto3_1.15.1-2_armhf.deb
./UPGRADE/libtinfo5_6.0+20170715-2_armhf.deb
./UPGRADE/debtags_2.1.3_all.deb
./UPGRADE/nano_2.8.6-1_armhf.deb
./UPGRADE/libreadline7_7.0-3_armhf.deb
./UPGRADE/libwscodecs1_2.2.7-1_armhf.deb
./UPGRADE/libncurses5_6.0+20170715-2_armhf.deb
./UPGRADE/libsmartcols1_2.29.2-2_armhf.deb
./UPGRADE/upower_0.99.5-3_armhf.deb
./UPGRADE/libv4lconvert0_1.12.5-1_armhf.deb
./UPGRADE/busybox_1%3a1.22.0-19+b3_armhf.deb
./UPGRADE/libjansson4_2.10-1_armhf.deb
./UPGRADE/libssh2-1_1.8.0-1_armhf.deb
./UPGRADE/xfce4-terminal_0.8.5.1-1_armhf.deb
./UPGRADE/libxau6_1%3a1.0.8-1+b2_armhf.deb
./UPGRADE/libsemanage1_2.6-2+b1_armhf.deb
./UPGRADE/libkmod2_24-1_armhf.deb
./UPGRADE/libpcre16-3_2%3a8.39-4_armhf.deb
./UPGRADE/udisks2_2.6.5-2_armhf.deb
./UPGRADE/gnome-themes-standard_3.22.3-1_armhf.deb
./UPGRADE/libpq5_9.6.3-4+b1_armhf.deb
./UPGRADE/nmap_7.50-1_armhf.deb
./UPGRADE/diffutils_1%3a3.6-1_armhf.deb
./UPGRADE/libwww-perl_6.15-2_all.deb
./UPGRADE/mesa-utils_8.3.0-5_armhf.deb
./UPGRADE/libgbm1_13.0.6-1+b2_armhf.deb
./UPGRADE/libavutil55_7%3a3.3.3-1_armhf.deb
./UPGRADE/e2fslibs_1.43.5-1_armhf.deb
./UPGRADE/ncurses-term_6.0+20170715-2_all.deb
./UPGRADE/libaacs0_0.9.0-1_armhf.deb
./UPGRADE/libudisks2-0_2.6.5-2_armhf.deb
./UPGRADE/libgssapi-krb5-2_1.15.1-2_armhf.deb
./UPGRADE/usb-modeswitch-data_20170205-2_all.deb
./UPGRADE/libxapian30_1.4.4-2_armhf.deb
./UPGRADE/libpam0g_1.1.8-3.6_armhf.deb
./UPGRADE/thunar_1.6.12-1_armhf.deb
./UPGRADE/libc-ares2_1.13.0-2_armhf.deb
./UPGRADE/gnome-themes-standard-data_3.22.3-1_all.deb
./UPGRADE/libcdparanoia0_3.10.2+debian-11+b2_armhf.deb
./UPGRADE/initramfs-tools_0.130_all.deb
./UPGRADE/librsvg2-common_2.40.18-1_armhf.deb
./UPGRADE/libpangocairo-1.0-0_1.40.6-1_armhf.deb
./UPGRADE/whiptail_0.52.20-1+b1_armhf.deb
./UPGRADE/libpython3.5-stdlib_3.5.4~rc1-1_armhf.deb
./UPGRADE/libmagic1_1%3a5.31-1_armhf.deb
./UPGRADE/xfce4-pulseaudio-plugin_0.2.5-1_armhf.deb
./UPGRADE/libtumbler-1-0_0.1.32-1_armhf.deb
./UPGRADE/modemmanager_1.6.8-1_armhf.deb
./UPGRADE/liborc-0.4-0_1%3a0.4.27-1_armhf.deb
./UPGRADE/libaudit-common_1%3a2.7.7-1_all.deb
./UPGRADE/mysql-common_5.8+1.0.3_all.deb
./UPGRADE/libwayland-client0_1.13.0-1_armhf.deb
./UPGRADE/kali-defaults_2017.2.0_all.deb
./UPGRADE/libnewt0.52_0.52.20-1+b1_armhf.deb
./UPGRADE/libdbus-1-3_1.11.16+really1.10.22-1_armhf.deb
./UPGRADE/libwayland-cursor0_1.13.0-1_armhf.deb
./UPGRADE/ca-certificates_20161130+nmu1_all.deb
./UPGRADE/libssh-4_0.7.5-1_armhf.deb
./UPGRADE/libfdisk1_2.29.2-2_armhf.deb
./UPGRADE/libaprutil1_1.6.0-1_armhf.deb
./UPGRADE/libssh-gcrypt-4_0.7.5-1_armhf.deb
./UPGRADE/libisc-export160_1%3a9.10.3.dfsg.P4-12.5_armhf.deb
./UPGRADE/libthai-data_0.1.26-3_all.deb
./UPGRADE/network-manager_1.8.2-1_armhf.deb
./UPGRADE/util-linux_2.29.2-2_armhf.deb
./UPGRADE/libx264-148_2%3a0.148.2795+gitaaa9aa8-1_armhf.deb
./UPGRADE/libaprutil1-ldap_1.6.0-1_armhf.deb
./UPGRADE/libnm0_1.8.2-1_armhf.deb
./UPGRADE/login_1%3a4.4-4.1_armhf.deb
./UPGRADE/libcairo-gobject2_1.14.10-1_armhf.deb
./UPGRADE/desktop-base_9.0.3+kali1_all.deb
./UPGRADE/libmm-glib0_1.6.8-1_armhf.deb
./UPGRADE/debian-archive-keyring_2017.5_all.deb
./UPGRADE/libgtk-3-common_3.22.17-1_all.deb
./UPGRADE/fontconfig_2.12.3-0.2_armhf.deb
./UPGRADE/libqmi-glib5_1.18.0-2_armhf.deb
./UPGRADE/libglew2.0_2.0.0-4_armhf.deb
./UPGRADE/debianutils_4.8.2_armhf.deb
./UPGRADE/python3-chardet_3.0.4-1_all.deb
./UPGRADE/gtk2-engines-murrine_0.98.2-1_armhf.deb
./UPGRADE/e2fsprogs_1.43.5-1_armhf.deb
./UPGRADE/vim-tiny_2%3a8.0.0197-5+b1_armhf.deb
./UPGRADE/libthunarx-2-0_1.6.12-1_armhf.deb
./UPGRADE/libinput-bin_1.8.0-1_armhf.deb
./UPGRADE/binutils_2.28-6_armhf.deb
./UPGRADE/libp11-kit0_0.23.7-3_armhf.deb
./UPGRADE/python3-pkg-resources_36.2.7-2_all.deb
./UPGRADE/libwayland-server0_1.13.0-1_armhf.deb
./UPGRADE/libcurl3-gnutls_7.52.1-5_armhf.deb
./UPGRADE/libpangoft2-1.0-0_1.40.6-1_armhf.deb
./UPGRADE/samba-common_2%3a4.6.5+dfsg-8_all.deb
./UPGRADE/libpolkit-gobject-1-0_0.105-18_armhf.deb
./UPGRADE/multiarch-support_2.24-12_armhf.deb
./UPGRADE/libssl1.1_1.1.0f-4_armhf.deb
./UPGRADE/libglib2.0-data_2.53.4-3_all.deb
./UPGRADE/openssh-server_1%3a7.5p1-5_armhf.deb
./UPGRADE/va-driver-all_1.8.3-1_armhf.deb
./UPGRADE/gpgv_2.1.18-8_armhf.deb
./UPGRADE/ntpdate_1%3a4.2.8p10+dfsg-5_armhf.deb
./UPGRADE/libuuid1_2.29.2-2_armhf.deb
./UPGRADE/xfdesktop4-data_4.12.3-4_all.deb
./UPGRADE/gstreamer1.0-plugins-base_1.12.2-1_armhf.deb
./UPGRADE/base-files_1%3a2017.2.0_armhf.deb
./UPGRADE/libpam-modules_1.1.8-3.6_armhf.deb
./UPGRADE/gnome-accessibility-themes_3.22.3-1_all.deb
./UPGRADE/distro-info-data_0.36_all.deb
./UPGRADE/libpulsedsp_10.0-2_armhf.deb
./UPGRADE/network-manager-gnome_1.8.2-1_armhf.deb
./UPGRADE/passwd_1%3a4.4-4.1_armhf.deb
./UPGRADE/python3.5_3.5.4~rc1-1_armhf.deb
./UPGRADE/systemd_234-2_armhf.deb
./UPGRADE/readline-common_7.0-3_all.deb
./UPGRADE/libmotif-common_2.3.7-1_all.deb
./UPGRADE/hydra_8.5-1_armhf.deb
./UPGRADE/libdevmapper1.02.1_2%3a1.02.137-2+b1_armhf.deb
./UPGRADE/libnotify4_0.7.7-2_armhf.deb
./UPGRADE/dns-root-data_2017071401_all.deb
./UPGRADE/liblzma5_5.2.2-1.3_armhf.deb
./UPGRADE/libc-l10n_2.24-12_all.deb
./UPGRADE/apache2-data_2.4.27-2_all.deb
./UPGRADE/libpam-modules-bin_1.1.8-3.6_armhf.deb
./UPGRADE/kali-desktop-common_2017.2.0_all.deb
./UPGRADE/libapt-pkg5.0_1.5~beta1_armhf.deb
./UPGRADE/liblognorm5_2.0.3-1_armhf.deb
./UPGRADE/libgstreamer-plugins-base1.0-0_1.12.2-1_armhf.deb
./UPGRADE/python3-six_1.10.0-4_all.deb
./UPGRADE/libqt5widgets5_5.7.1+dfsg-4_armhf.deb
./UPGRADE/geoip-database_20170713-1_all.deb
./UPGRADE/kbd_2.0.4-1_armhf.deb
./UPGRADE/git-core_1%3a2.14.1-1_all.deb
./UPGRADE/libllvm3.9_1%3a3.9.1-10_armhf.deb
./UPGRADE/policykit-1_0.105-18_armhf.deb
./UPGRADE/mesa-vdpau-drivers_13.0.6-1+b2_armhf.deb
./UPGRADE/libqmi-proxy_1.18.0-2_armhf.deb
./UPGRADE/libglapi-mesa_13.0.6-1+b2_armhf.deb
./UPGRADE/gnome-keyring_3.20.1-1_armhf.deb
./UPGRADE/libsodium18_1.0.13-1_armhf.deb
./UPGRADE/libglibmm-2.4-1v5_2.50.1-1_armhf.deb
./UPGRADE/libqt5printsupport5_5.7.1+dfsg-4_armhf.deb
./UPGRADE/blends-tasks_0.6.98_all.deb
./UPGRADE/libxcb-render-util0_0.3.9-1+b1_armhf.deb
./UPGRADE/sudo_1.8.20p2-1_armhf.deb
./UPGRADE/libtasn1-6_4.12-2.1_armhf.deb
./UPGRADE/liblwp-protocol-https-perl_6.07-2_all.deb
./UPGRADE/libwavpack1_5.1.0-2_armhf.deb
./UPGRADE/libupower-glib3_0.99.5-3_armhf.deb
./UPGRADE/libmpg123-0_1.25.4-1_armhf.deb
./UPGRADE/thunar-data_1.6.12-1_all.deb
./UPGRADE/libwacom-common_0.24-1_all.deb
./UPGRADE/libcroco3_0.6.12-1_armhf.deb
./UPGRADE/liblightdm-gobject-1-0_1.18.3-4_armhf.deb
./UPGRADE/iso-codes_3.75-1_all.deb
./UPGRADE/findutils_4.6.0+git+20170729-2_armhf.deb
./UPGRADE/libva-x11-1_1.8.3-1_armhf.deb
./UPGRADE/libkrb5-3_1.15.1-2_armhf.deb
./UPGRADE/libgraphite2-3_1.3.10-2_armhf.deb
./UPGRADE/python-lxml_3.8.0-1+b1_armhf.deb
./UPGRADE/libepoxy0_1.3.1-3_armhf.deb
./UPGRADE/python-tdb_1.3.13-2_armhf.deb
./UPGRADE/libslang2_2.3.1a-1_armhf.deb
./UPGRADE/libldap-common_2.4.45+dfsg-1_all.deb
./UPGRADE/libwireshark8_2.2.7-1_armhf.deb
./UPGRADE/dbus_1.11.16+really1.10.22-1_armhf.deb
./UPGRADE/libpam-systemd_234-2_armhf.deb
./UPGRADE/init_1.48kali1_armhf.deb
./UPGRADE/bsdutils_1%3a2.29.2-2_armhf.deb
./UPGRADE/libblas-common_3.7.1-1_armhf.deb
./UPGRADE/gtk-update-icon-cache_3.22.17-1_armhf.deb
./UPGRADE/libavresample3_7%3a3.3.3-1_armhf.deb
./UPGRADE/libshine3_3.1.1-1_armhf.deb
./UPGRADE/x11-common_1%3a7.7+19_all.deb
./UPGRADE/exfat-fuse_1.2.7-1_armhf.deb
./UPGRADE/libaprutil1-dbd-sqlite3_1.6.0-1_armhf.deb
./UPGRADE/libbsd0_0.8.6-1_armhf.deb
./UPGRADE/grep_3.1-2_armhf.deb
./UPGRADE/libgcrypt20_1.7.8-2_armhf.deb
./UPGRADE/libatspi2.0-0_2.24.1-1_armhf.deb
./UPGRADE/libmount1_2.29.2-2_armhf.deb
./UPGRADE/samba-common-bin_2%3a4.6.5+dfsg-8_armhf.deb
./UPGRADE/libmariadbclient18_10.1.24-6_armhf.deb
./UPGRADE/dmidecode_3.1-1_armhf.deb
./UPGRADE/sqlmap_1.1.8-1_all.deb
./UPGRADE/liblogging-stdlog0_1.0.6-1_armhf.deb
./UPGRADE/libxm4_2.3.7-1_armhf.deb
./UPGRADE/dash_0.5.8-2.5_armhf.deb
./UPGRADE/wget_1.19.1-4_armhf.deb
./UPGRADE/ncurses-bin_6.0+20170715-2_armhf.deb
./UPGRADE/file_1%3a5.31-1_armhf.deb
./UPGRADE/tzdata_2017b-2_all.deb
./UPGRADE/liburi-perl_1.72-1_all.deb
./UPGRADE/gnupg-agent_2.1.18-8_armhf.deb
./UPGRADE/libcairomm-1.0-1v5_1.12.2-1_armhf.deb
./UPGRADE/libfbclient2_3.0.2.32703.ds4-9_armhf.deb
./UPGRADE/sensible-utils_0.0.9+nmu1_all.deb
./UPGRADE/python-crypto_2.6.1-7+b1_armhf.deb
./UPGRADE/gcr_3.20.0-5.1_armhf.deb
./UPGRADE/greybird-gtk-theme_3.22.2-1_all.deb
./UPGRADE/libsystemd0_234-2_armhf.deb
./UPGRADE/libvte-2.91-common_0.46.2-1_all.deb
./UPGRADE/libapparmor1_2.11.0-6+b2_armhf.deb
./UPGRADE/libgstreamer1.0-0_1.12.2-1_armhf.deb
./UPGRADE/kali-menu_2017.2.1_all.deb
./UPGRADE/libsnappy1v5_1.1.6-2_armhf.deb
./UPGRADE/python3_3.5.3-3_armhf.deb
./UPGRADE/libopenmpt0_0.2.8461~beta26-1_armhf.deb
./UPGRADE/libudev1_234-2_armhf.deb
./UPGRADE/tumbler_0.1.32-1_armhf.deb
./UPGRADE/udev_234-2_armhf.deb
./UPGRADE/libedit2_3.1-20170329-1_armhf.deb
./UPGRADE/python-pkg-resources_36.2.7-2_all.deb
./UPGRADE/libwebp6_0.6.0-3_armhf.deb
./UPGRADE/libxcb-icccm4_0.4.1-1+b1_armhf.deb
./UPGRADE/libjson-glib-1.0-0_1.2.8-1_armhf.deb
./UPGRADE/apt-utils_1.5~beta1_armhf.deb
./UPGRADE/libgles2-mesa_13.0.6-1+b2_armhf.deb
./UPGRADE/dbus-user-session_1.11.16+really1.10.22-1_all.deb
./UPGRADE/libgcr-3-common_3.20.0-5.1_all.deb
./UPGRADE/libpcsclite1_1.8.22-1_armhf.deb
./UPGRADE/libtalloc2_2.1.9-2_armhf.deb
./UPGRADE/libswresample2_7%3a3.3.3-1_armhf.deb
./UPGRADE/libwacom-bin_0.24-1_armhf.deb
./UPGRADE/libwacom2_0.24-1_armhf.deb
./UPGRADE/libplist3_2.0.0-2_armhf.deb
./UPGRADE/wireshark-qt_2.2.7-1_armhf.deb
./UPGRADE/libwireshark-data_2.2.7-1_all.deb
./UPGRADE/libjson-glib-1.0-common_1.2.8-1_all.deb
./UPGRADE/kmod_24-1_armhf.deb
./UPGRADE/apt_1.5~beta1_armhf.deb
./UPGRADE/debconf-i18n_1.5.63_all.deb
./UPGRADE/tar_1.29b-2_armhf.deb
./UPGRADE/xserver-xorg-core_2%3a1.19.3-2_armhf.deb
./UPGRADE/libxml2_2.9.4+dfsg1-3_armhf.deb
./UPGRADE/libldb1_2%3a1.1.29-2_armhf.deb
./UPGRADE/libwiretap6_2.2.7-1_armhf.deb
./UPGRADE/libgcr-ui-3-1_3.20.0-5.1_armhf.deb
./UPGRADE/libpolkit-agent-1-0_0.105-18_armhf.deb
./UPGRADE/xz-utils_5.2.2-1.3_armhf.deb
./UPGRADE/libpython3-stdlib_3.5.3-3_armhf.deb
./UPGRADE/libgl1-mesa-glx_13.0.6-1+b2_armhf.deb
./UPGRADE/libqt5core5a_5.7.1+dfsg-4_armhf.deb
./UPGRADE/u-boot-tools_2017.07+dfsg1-3_armhf.deb
./UPGRADE/libnpth0_1.5-2_armhf.deb
./UPGRADE/libsvn1_1.9.6-1+b2_armhf.deb
./UPGRADE/libglib2.0-bin_2.53.4-3_armhf.deb
./UPGRADE/libip6tc0_1.6.1-2_armhf.deb
./UPGRADE/libsmbclient_2%3a4.6.5+dfsg-8_armhf.deb
./UPGRADE/libv4l-0_1.12.5-1_armhf.deb
./UPGRADE/libegl1-mesa_13.0.6-1+b2_armhf.deb
./UPGRADE/python3-apt_1.4.0~beta3+b1_armhf.deb
./UPGRADE/libshout3_2.3.1-3+b2_armhf.deb
./UPGRADE/libcups2_2.2.4-3_armhf.deb
./UPGRADE/kali-desktop-xfce_2017.2.0_all.deb
./UPGRADE/winexe_1.1~20140107-0kali5+b2_armhf.deb
./UPGRADE/vim-common_2%3a8.0.0197-5_all.deb
./UPGRADE/libc-bin_2.24-12_armhf.deb
./UPGRADE/libatk1.0-0_2.24.0-1_armhf.deb
./UPGRADE/python-six_1.10.0-4_all.deb
./UPGRADE/pavucontrol_3.0-3.1_armhf.deb
./UPGRADE/libusb-0.1-4_2%3a0.1.12-31_armhf.deb
./UPGRADE/libwayland-egl1-mesa_13.0.6-1+b2_armhf.deb
./UPGRADE/libio-socket-ssl-perl_2.049-1_all.deb
./UPGRADE/at-spi2-core_2.24.1-1_armhf.deb
./UPGRADE/libnghttp2-14_1.24.0-1_armhf.deb
./UPGRADE/libglib2.0-0_2.53.4-3_armhf.deb
./UPGRADE/p11-kit_0.23.7-3_armhf.deb
./UPGRADE/libblkid1_2.29.2-2_armhf.deb
./UPGRADE/libcryptsetup4_2%3a1.7.3-4kali2_armhf.deb
./UPGRADE/git-man_1%3a2.14.1-1_all.deb
./UPGRADE/libgck-1-0_3.20.0-5.1_armhf.deb
./UPGRADE/libatk-bridge2.0-0_2.24.1-1_armhf.deb
./UPGRADE/libproxy1v5_0.4.14-3_armhf.deb
./UPGRADE/libpulse0_10.0-2_armhf.deb
./UPGRADE/apache2-utils_2.4.27-2_armhf.deb
./UPGRADE/libnotify-bin_0.7.7-2_armhf.deb
./UPGRADE/krb5-locales_1.15.1-2_all.deb
./UPGRADE/desktop-file-utils_0.23-2_armhf.deb
./UPGRADE/libthai0_0.1.26-3_armhf.deb
./UPGRADE/ifupdown_0.8.24_armhf.deb
./UPGRADE/libsndfile1_1.0.28-3_armhf.deb
./UPGRADE/initramfs-tools-core_0.130_all.deb
./UPGRADE/libdatrie1_0.2.10-5_armhf.deb
./UPGRADE/systemd-sysv_234-2_armhf.deb
./UPGRADE/pulseaudio_10.0-2_armhf.deb
./UPGRADE/locales-all_2.24-12_armhf.deb
./UPGRADE/libgtkmm-3.0-1v5_3.22.1-1_armhf.deb
./UPGRADE/libpolkit-backend-1-0_0.105-18_armhf.deb
./UPGRADE/libdb5.3_5.3.28-13_armhf.deb
./UPGRADE/bash_4.4-5_armhf.deb
./UPGRADE/keyboard-configuration_1.166_all.deb
./UPGRADE/libpython3.5-minimal_3.5.4~rc1-1_armhf.deb
./UPGRADE/xfdesktop4_4.12.3-4_armhf.deb
./UPGRADE/libpango-1.0-0_1.40.6-1_armhf.deb
./UPGRADE/git_1%3a2.14.1-1_armhf.deb
./UPGRADE/ncurses-base_6.0+20170715-2_all.deb
./UPGRADE/librsvg2-2_2.40.18-1_armhf.deb
./UPGRADE/libkrb5support0_1.15.1-2_armhf.deb
./UPGRADE/libwbclient0_2%3a4.6.5+dfsg-8_armhf.deb
./UPGRADE/qt5-gtk-platformtheme_5.7.1+dfsg-4_armhf.deb
./UPGRADE/libbluetooth3_5.45-1_armhf.deb
./UPGRADE/openssh-sftp-server_1%3a7.5p1-5_armhf.deb
./UPGRADE/libdebconfclient0_0.229_armhf.deb
./UPGRADE/libdrm-nouveau2_2.4.82-1_armhf.deb
./UPGRADE/libva1_1.8.3-1_armhf.deb
./UPGRADE/ndiff_7.50-1_all.deb
./UPGRADE/python-bs4_4.6.0-1_all.deb
./UPGRADE/libzmq5_4.2.1-4_armhf.deb
./UPGRADE/libswscale4_7%3a3.3.3-1_armhf.deb
./UPGRADE/libnma0_1.8.2-1_armhf.deb
./UPGRADE/libcairo2_1.14.10-1_armhf.deb
./UPGRADE/libtiff5_4.0.8-4_armhf.deb
./UPGRADE/wireshark-common_2.2.7-1_armhf.deb
./UPGRADE/xserver-common_2%3a1.19.3-2_all.deb
./UPGRADE/libip4tc0_1.6.1-2_armhf.deb
./UPGRADE/libiptc0_1.6.1-2_armhf.deb
./UPGRADE/libpulse-mainloop-glib0_10.0-2_armhf.deb
./UPGRADE/openssh-client_1%3a7.5p1-5_armhf.deb
./MAESTRO
./MAESTRO/libmono-system-web-mvc3.0-cil_4.6.2.7+dfsg-1_all.deb
./MAESTRO/libmono-system-web-extensions4.0-cil_4.6.2.7+dfsg-1_all.deb
./MAESTRO/libmono-system-componentmodel-dataannotations4.0-cil_4.6.2.7+dfsg-1_all.deb
./MAESTRO/libmono-system-web-http4.0-cil_4.6.2.7+dfsg-1_all.deb
./MAESTRO/libmono-system-web-applicationservices4.0-cil_4.6.2.7+dfsg-1_all.deb
./MAESTRO/libmono-system-workflow-componentmodel4.0-cil_4.6.2.7+dfsg-1_all.deb
./MAESTRO/libmono-system-messaging4.0-cil_4.6.2.7+dfsg-1_all.deb
./MAESTRO/libmono-system-data-entity4.0-cil_4.6.2.7+dfsg-1_all.deb
./MAESTRO/libmono-csharp4.0c-cil_4.6.2.7+dfsg-1_all.deb
./MAESTRO/libmono-system-xml-linq4.0-cil_4.6.2.7+dfsg-1_all.deb
./MAESTRO/libmono-system-reactive-experimental2.2-cil_4.6.2.7+dfsg-1_all.deb
./MAESTRO/libmono-system-data-services4.0-cil_4.6.2.7+dfsg-1_all.deb
./MAESTRO/libmono-cscompmgd0.0-cil_4.6.2.7+dfsg-1_all.deb
./MAESTRO/libmono-cecil-private-cil_4.6.2.7+dfsg-1_all.deb
./MAESTRO/libmono-system-drawing4.0-cil_4.6.2.7+dfsg-1_all.deb
./MAESTRO/libmono-system-reactive-windows-forms2.2-cil_4.6.2.7+dfsg-1_all.deb
./MAESTRO/libmono-system-dynamic4.0-cil_4.6.2.7+dfsg-1_all.deb
./MAESTRO/libmono-sharpzip4.84-cil_4.6.2.7+dfsg-1_all.deb
./MAESTRO/libmono-microsoft-build-engine4.0-cil_4.6.2.7+dfsg-1_all.deb
./MAESTRO/libmono-system-identitymodel-selectors4.0-cil_4.6.2.7+dfsg-1_all.deb
./MAESTRO/libmono-system-runtime-interopservices-runtimeinformation4.0-cil_4.6.2.7+dfsg-1_all.deb
./MAESTRO/libmono-system-serviceprocess4.0-cil_4.6.2.7+dfsg-1_all.deb
./MAESTRO/libmono-i18n-rare4.0-cil_4.6.2.7+dfsg-1_all.deb
./MAESTRO/libmono-http4.0-cil_4.6.2.7+dfsg-1_all.deb
./MAESTRO/libmono-system-servicemodel-internals0.0-cil_4.6.2.7+dfsg-1_all.deb
./MAESTRO/libmono-relaxng4.0-cil_4.6.2.7+dfsg-1_all.deb
./MAESTRO/libmono-system-xaml4.0-cil_4.6.2.7+dfsg-1_all.deb
./MAESTRO/libmono-system-reflection-context4.0-cil_4.6.2.7+dfsg-1_all.deb
./MAESTRO/libmono-system-json4.0-cil_4.6.2.7+dfsg-1_all.deb
./MAESTRO/libmono-custommarshalers4.0-cil_4.6.2.7+dfsg-1_all.deb
./MAESTRO/libusb-1.0-0-dev_2%3a1.0.21-2_armhf.deb
./MAESTRO/libmono-system-data-linq4.0-cil_4.6.2.7+dfsg-1_all.deb
./MAESTRO/libmono-accessibility4.0-cil_4.6.2.7+dfsg-1_all.deb
./MAESTRO/libmonosgen-2.0-dev_4.6.2.7+dfsg-1_armhf.deb
./MAESTRO/libmono-messaging4.0-cil_4.6.2.7+dfsg-1_all.deb
./MAESTRO/libmono-system-workflow-activities4.0-cil_4.6.2.7+dfsg-1_all.deb
./MAESTRO/pkg-config_0.29-4+b1_armhf.deb
./MAESTRO/libmono-i18n4.0-cil_4.6.2.7+dfsg-1_all.deb
./MAESTRO/libmono-system-net-http-formatting4.0-cil_4.6.2.7+dfsg-1_all.deb
./MAESTRO/libmono-microsoft-build4.0-cil_4.6.2.7+dfsg-1_all.deb
./MAESTRO/libmono-system-reactive-observable-aliases0.0-cil_4.6.2.7+dfsg-1_all.deb
./MAESTRO/libmono-system-runtime4.0-cil_4.6.2.7+dfsg-1_all.deb
./MAESTRO/libmono-system-web-mobile4.0-cil_4.6.2.7+dfsg-1_all.deb
./MAESTRO/libmono-rabbitmq4.0-cil_4.6.2.7+dfsg-1_all.deb
./MAESTRO/libmono-i18n-cjk4.0-cil_4.6.2.7+dfsg-1_all.deb
./MAESTRO/libmono-peapi4.0a-cil_4.6.2.7+dfsg-1_all.deb
./MAESTRO/libmono-system-web-routing4.0-cil_4.6.2.7+dfsg-1_all.deb
./MAESTRO/libmono-system-configuration-install4.0-cil_4.6.2.7+dfsg-1_all.deb
./MAESTRO/libmono-system-runtime-caching4.0-cil_4.6.2.7+dfsg-1_all.deb
./MAESTRO/libmono-cil-dev_4.6.2.7+dfsg-1_all.deb
./MAESTRO/libmono-system-servicemodel-routing4.0-cil_4.6.2.7+dfsg-1_all.deb
./MAESTRO/libnunit-core2.6.3-cil_2.6.4+dfsg-1_all.deb
./MAESTRO/libnunit-util2.6.3-cil_2.6.4+dfsg-1_all.deb
./MAESTRO/libmono-system-servicemodel-activation4.0-cil_4.6.2.7+dfsg-1_all.deb
./MAESTRO/libmono-webbrowser4.0-cil_4.6.2.7+dfsg-1_all.deb
./MAESTRO/libmono-system-json-microsoft4.0-cil_4.6.2.7+dfsg-1_all.deb
./MAESTRO/libmono-system-web-regularexpressions4.0-cil_4.6.2.7+dfsg-1_all.deb
./MAESTRO/libmono-system-ldap4.0-cil_4.6.2.7+dfsg-1_all.deb
./MAESTRO/libmono-system-workflow-runtime4.0-cil_4.6.2.7+dfsg-1_all.deb
./MAESTRO/libmono-2.0-dev_4.6.2.7+dfsg-1_armhf.deb
./MAESTRO/libmono-system-web-http-selfhost4.0-cil_4.6.2.7+dfsg-1_all.deb
./MAESTRO/libmono-smdiagnostics0.0-cil_4.6.2.7+dfsg-1_all.deb
./MAESTRO/libnunit-framework2.6.3-cil_2.6.4+dfsg-1_all.deb
./MAESTRO/libmono-system-management4.0-cil_4.6.2.7+dfsg-1_all.deb
./MAESTRO/mono-devel_4.6.2.7+dfsg-1_all.deb
./MAESTRO/libmono-system-servicemodel-discovery4.0-cil_4.6.2.7+dfsg-1_all.deb
./MAESTRO/libmono-system-runtime-serialization4.0-cil_4.6.2.7+dfsg-1_all.deb
./MAESTRO/libmono-system-web-webpages-deployment2.0-cil_4.6.2.7+dfsg-1_all.deb
./MAESTRO/libmono-system-reactive-runtime-remoting2.2-cil_4.6.2.7+dfsg-1_all.deb
./MAESTRO/libmono-system-transactions4.0-cil_4.6.2.7+dfsg-1_all.deb
./MAESTRO/libgdiplus_4.2-2_armhf.deb
./MAESTRO/libmono-system-reactive-debugger2.2-cil_4.6.2.7+dfsg-1_all.deb
./MAESTRO/mono-xbuild_4.6.2.7+dfsg-1_all.deb
./MAESTRO/libmono-system-web4.0-cil_4.6.2.7+dfsg-1_all.deb
./MAESTRO/libmono-system-drawing-design4.0-cil_4.6.2.7+dfsg-1_all.deb
./MAESTRO/libmono-cairo4.0-cil_4.6.2.7+dfsg-1_all.deb
./MAESTRO/libmono-system-data-datasetextensions4.0-cil_4.6.2.7+dfsg-1_all.deb
./MAESTRO/libmono-sqlite4.0-cil_4.6.2.7+dfsg-1_all.deb
./MAESTRO/mono-runtime-common_4.6.2.7+dfsg-1_armhf.deb
./MAESTRO/libmono-system-reactive-platformservices2.2-cil_4.6.2.7+dfsg-1_all.deb
./MAESTRO/libmono-oracle4.0-cil_4.6.2.7+dfsg-1_all.deb
./MAESTRO/libnunit-console-runner2.6.3-cil_2.6.4+dfsg-1_all.deb
./MAESTRO/libmono-system-deployment4.0-cil_4.6.2.7+dfsg-1_all.deb
./MAESTRO/libmono-system-design4.0-cil_4.6.2.7+dfsg-1_all.deb
./MAESTRO/mono-4.0-gac_4.6.2.7+dfsg-1_all.deb
./MAESTRO/libmono-system-windows4.0-cil_4.6.2.7+dfsg-1_all.deb
./MAESTRO/libmono-system-xml4.0-cil_4.6.2.7+dfsg-1_all.deb
./MAESTRO/libusb-1.0-doc_2%3a1.0.21-2_all.deb
./MAESTRO/libmono-system-enterpriseservices4.0-cil_4.6.2.7+dfsg-1_all.deb
./MAESTRO/libmono-system-data-services-client4.0-cil_4.6.2.7+dfsg-1_all.deb
./MAESTRO/libmono-i18n-west4.0-cil_4.6.2.7+dfsg-1_all.deb
./MAESTRO/ca-certificates-mono_4.6.2.7+dfsg-1_all.deb
./MAESTRO/libmono-system-web-abstractions4.0-cil_4.6.2.7+dfsg-1_all.deb
./MAESTRO/libmono-i18n-mideast4.0-cil_4.6.2.7+dfsg-1_all.deb
./MAESTRO/libmono-system-componentmodel-composition4.0-cil_4.6.2.7+dfsg-1_all.deb
./MAESTRO/libmono-microsoft-build-tasks-v4.0-4.0-cil_4.6.2.7+dfsg-1_all.deb
./MAESTRO/libmono-system-web-webpages2.0-cil_4.6.2.7+dfsg-1_all.deb
./MAESTRO/libmono-microsoft-web-infrastructure1.0-cil_4.6.2.7+dfsg-1_all.deb
./MAESTRO/libmono-posix4.0-cil_4.6.2.7+dfsg-1_all.deb
./MAESTRO/libmono-system-windows-forms-datavisualization4.0a-cil_4.6.2.7+dfsg-1_all.deb
./MAESTRO/libmono-system-io-compression4.0-cil_4.6.2.7+dfsg-1_all.deb
./MAESTRO/libmono-simd4.0-cil_4.6.2.7+dfsg-1_all.deb
./MAESTRO/libmono-i18n4.0-all_4.6.2.7+dfsg-1_all.deb
./MAESTRO/libmono-webmatrix-data4.0-cil_4.6.2.7+dfsg-1_all.deb
./MAESTRO/libmono-codecontracts4.0-cil_4.6.2.7+dfsg-1_all.deb
./MAESTRO/libmono-system-servicemodel4.0a-cil_4.6.2.7+dfsg-1_all.deb
./MAESTRO/libmono-system-ldap-protocols4.0-cil_4.6.2.7+dfsg-1_all.deb
./MAESTRO/libmono-system-servicemodel-web4.0-cil_4.6.2.7+dfsg-1_all.deb
./MAESTRO/binfmt-support_2.1.7-1_armhf.deb
./MAESTRO/libmono-system-identitymodel4.0-cil_4.6.2.7+dfsg-1_all.deb
./MAESTRO/libmono-microsoft-visualc10.0-cil_4.6.2.7+dfsg-1_all.deb
./MAESTRO/libmono-system-web-dynamicdata4.0-cil_4.6.2.7+dfsg-1_all.deb
./MAESTRO/libmono-system-windows-forms4.0-cil_4.6.2.7+dfsg-1_all.deb
./MAESTRO/libmono-xbuild-tasks4.0-cil_4.6.2.7+dfsg-1_all.deb
./MAESTRO/libmono-system-net4.0-cil_4.6.2.7+dfsg-1_all.deb
./MAESTRO/libmono-system-web-extensions-design4.0-cil_4.6.2.7+dfsg-1_all.deb
./MAESTRO/cli-common_0.9+nmu1_all.deb
./MAESTRO/libnunit-mocks2.6.3-cil_2.6.4+dfsg-1_all.deb
./MAESTRO/libmono-i18n-other4.0-cil_4.6.2.7+dfsg-1_all.deb
./MAESTRO/libmono-system-reactive-providers2.2-cil_4.6.2.7+dfsg-1_all.deb
./MAESTRO/libmono-ldap4.0-cil_4.6.2.7+dfsg-1_all.deb
./MAESTRO/libmono-system-xml-serialization4.0-cil_4.6.2.7+dfsg-1_all.deb
./MAESTRO/libmono-compilerservices-symbolwriter4.0-cil_4.6.2.7+dfsg-1_all.deb
./MAESTRO/libmono-system-web-http-webhost4.0-cil_4.6.2.7+dfsg-1_all.deb
./MAESTRO/libmono-system-numerics4.0-cil_4.6.2.7+dfsg-1_all.deb
./MAESTRO/libmono-tasklets4.0-cil_4.6.2.7+dfsg-1_all.deb
./MAESTRO/libmono-security4.0-cil_4.6.2.7+dfsg-1_all.deb
./MAESTRO/libmono-management4.0-cil_4.6.2.7+dfsg-1_all.deb
./MAESTRO/libmono-system-security4.0-cil_4.6.2.7+dfsg-1_all.deb
./MAESTRO/libmono-messaging-rabbitmq4.0-cil_4.6.2.7+dfsg-1_all.deb
./MAESTRO/libmono-microsoft-build-utilities-v4.0-4.0-cil_4.6.2.7+dfsg-1_all.deb
./MAESTRO/libmono-system-numerics-vectors4.0-cil_4.6.2.7+dfsg-1_all.deb
./MAESTRO/libmono-parallel4.0-cil_4.6.2.7+dfsg-1_all.deb
./MAESTRO/mono-mcs_4.6.2.7+dfsg-1_all.deb
./MAESTRO/libmono-system-data4.0-cil_4.6.2.7+dfsg-1_all.deb
./MAESTRO/mono-gac_4.6.2.7+dfsg-1_all.deb
./MAESTRO/mono-reference-assemblies-2.0_3.12.1+dfsg-2_all.deb
./MAESTRO/libmono-system-threading-tasks-dataflow4.0-cil_4.6.2.7+dfsg-1_all.deb
./MAESTRO/libmono-db2-1.0-cil_4.6.2.7+dfsg-1_all.deb
./MAESTRO/libmono-system-net-http4.0-cil_4.6.2.7+dfsg-1_all.deb
./MAESTRO/libmono-system4.0-cil_4.6.2.7+dfsg-1_all.deb
./MAESTRO/libmono-microsoft-csharp4.0-cil_4.6.2.7+dfsg-1_all.deb
./MAESTRO/libmono-system-reactive-windows-threading2.2-cil_4.6.2.7+dfsg-1_all.deb
./MAESTRO/libgif7_5.1.4-1_armhf.deb
./MAESTRO/libnunit-cil-dev_2.6.4+dfsg-1_all.deb
./MAESTRO/libmonosgen-2.0-1_4.6.2.7+dfsg-1_armhf.deb
./MAESTRO/libmono-debugger-soft4.0a-cil_4.6.2.7+dfsg-1_all.deb
./MAESTRO/libmono-corlib4.5-cil_4.6.2.7+dfsg-1_all.deb
./MAESTRO/libmono-system-web-webpages-razor2.0-cil_4.6.2.7+dfsg-1_all.deb
./MAESTRO/mono-csharp-shell_4.6.2.7+dfsg-1_all.deb
./MAESTRO/libmono-system-reactive-linq2.2-cil_4.6.2.7+dfsg-1_all.deb
./MAESTRO/libmono-system-configuration4.0-cil_4.6.2.7+dfsg-1_all.deb
./MAESTRO/libmono-microsoft-build-framework4.0-cil_4.6.2.7+dfsg-1_all.deb
./MAESTRO/libmono-system-reactive-interfaces2.2-cil_4.6.2.7+dfsg-1_all.deb
./MAESTRO/libmono-data-tds4.0-cil_4.6.2.7+dfsg-1_all.deb
./MAESTRO/libmono-system-core4.0-cil_4.6.2.7+dfsg-1_all.deb
./MAESTRO/libmono-system-runtime-serialization-formatters-soap4.0-cil_4.6.2.7+dfsg-1_all.deb
./MAESTRO/libmono-system-net-http-webrequest4.0-cil_4.6.2.7+dfsg-1_all.deb
./MAESTRO/libmono-system-web-razor2.0-cil_4.6.2.7+dfsg-1_all.deb
./MAESTRO/mono-runtime-sgen_4.6.2.7+dfsg-1_armhf.deb
./MAESTRO/libmono-windowsbase4.0-cil_4.6.2.7+dfsg-1_all.deb
./MAESTRO/libnunit-core-interfaces2.6.3-cil_2.6.4+dfsg-1_all.deb
./MAESTRO/libmono-system-reactive-core2.2-cil_4.6.2.7+dfsg-1_all.deb
./MAESTRO/mono-runtime_4.6.2.7+dfsg-1_armhf.deb
./MAESTRO/libmono-system-io-compression-filesystem4.0-cil_4.6.2.7+dfsg-1_all.deb
./MAESTRO/libmono-system-runtime-durableinstancing4.0-cil_4.6.2.7+dfsg-1_all.deb
./MAESTRO/libmono-system-web-services4.0-cil_4.6.2.7+dfsg-1_all.deb
./SOX
./SOX/libopencore-amrwb0_0.1.3-2.1+b2_armhf.deb
./SOX/libsox-fmt-alsa_14.4.1-5+b2_armhf.deb
./SOX/libsox-fmt-base_14.4.1-5+b2_armhf.deb
./SOX/libsox2_14.4.1-5+b2_armhf.deb
./SOX/libopencore-amrnb0_0.1.3-2.1+b2_armhf.deb
./SOX/sox_14.4.1-5+b2_armhf.deb
./IPYTHON
./IPYTHON/python-simplegeneric_0.8.1-1_all.deb
./IPYTHON/python-prompt-toolkit_1.0.14-1_all.deb
./IPYTHON/ipython_5.1.0-3_all.deb
./IPYTHON/python-scandir_1.5-1_armhf.deb
./IPYTHON/python-pygments_2.2.0+dfsg-1_all.deb
./IPYTHON/python-backports-shutil-get-terminal-size_1.0.0-3_all.deb
./IPYTHON/python-pickleshare_0.7.4-1_all.deb
./IPYTHON/python-ipython-genutils_0.2.0-1_all.deb
./IPYTHON/python-wcwidth_0.1.7+dfsg1-1_all.deb
./IPYTHON/python-pathlib2_2.3.0-1_all.deb
./IPYTHON/python-traitlets_4.3.2-1_all.deb
./IPYTHON/python-ptyprocess_0.5.2-1_all.deb
./IPYTHON/python-pexpect_4.2.1-1_all.deb
./IPYTHON/python-ipython_5.1.0-3_all.deb
./GPIO
./GPIO/python-rpi.gpio_0.6.3-1+b1_armhf.deb
./GPIO/rpi.gpio-common_0.6.3-1+b1_armhf.deb
./GPIO/python-gpiozero_1.3.1.post1-1_armhf.deb
./SOX-MP3
./SOX-MP3/libid3tag0_0.15.1b-12_armhf.deb
./SOX-MP3/libsox-fmt-mp3_14.4.1-5+b2_armhf.deb
./SOX-MP3/libmad0_0.15.1b-8+b2_armhf.deb
./NEEDs
./NEEDs/unzip_6.0-21_armhf.deb
./NEEDs/net-tools_1.60+git20161116.90da8a0-1_armhf.deb
./NEEDs/vim_2%3a8.0.0197-5+b1_armhf.deb
./NEEDs/vim-runtime_2%3a8.0.0197-5_all.deb
./GPIO-Servo
./GPIO-Servo/perl-base_5.26.0-5_armhf.deb
./GPIO-Servo/libopenipmi0_2.0.22-1.1_armhf.deb
./GPIO-Servo/libhtml-parser-perl_3.72-3+b2_armhf.deb
./GPIO-Servo/libsoc2_0.8.2-1_armhf.deb
./GPIO-Servo/libxml-parser-perl_2.44-2+b3_armhf.deb
./GPIO-Servo/libtext-charwidth-perl_0.04-7+b8_armhf.deb
./GPIO-Servo/libfile-fcntllock-perl_0.22-3+b4_armhf.deb
./GPIO-Servo/openipmi_2.0.22-1.1_armhf.deb
./GPIO-Servo/libperl5.26_5.26.0-5_armhf.deb
./GPIO-Servo/perl-modules-5.26_5.26.0-5_all.deb
./GPIO-Servo/libsnmp30_5.7.3+dfsg-1.7+b2_armhf.deb
./GPIO-Servo/liblocale-gettext-perl_1.07-3+b3_armhf.deb
./GPIO-Servo/libnet-ssleay-perl_1.80-1+b2_armhf.deb
./GPIO-Servo/ledmon_0.79-2+b2_armhf.deb
./GPIO-Servo/libsgutils2-2_1.42-2_armhf.deb
./GPIO-Servo/libnet-dbus-perl_1.1.0-4+b3_armhf.deb
./GPIO-Servo/libsnmp-base_5.7.3+dfsg-1.7_all.deb
./GPIO-Servo/libsoc-dev_0.8.2-1_armhf.deb
./GPIO-Servo/libtext-iconv-perl_1.7-5+b6_armhf.deb
./GPIO-Servo/perl_5.26.0-5_armhf.deb
./PIP
./PIP/build-essential_12.3_armhf.deb
./PIP/fakeroot_1.21-3.1_armhf.deb
./PIP/python-all_2.7.13-2_armhf.deb
./PIP/libalgorithm-diff-perl_1.19.03-1_all.deb
./PIP/python-keyrings.alt_2.2-2_all.deb
./PIP/dpkg-dev_1.18.24kali2_all.deb
./PIP/make_4.1-9.1_armhf.deb
./PIP/python-keyring_10.4.0-1_all.deb
./PIP/libfakeroot_1.21-3.1_armhf.deb
./PIP/python-all-dev_2.7.13-2_armhf.deb
./PIP/libalgorithm-merge-perl_0.08-3_all.deb
./PIP/libalgorithm-diff-xs-perl_0.04-4+b4_armhf.deb
./PIP/python-dbus_1.2.4-1+b2_armhf.deb
./PIP/python-wheel_0.29.0-2_all.deb
./PIP/python-setuptools_36.2.7-2_all.deb
./PIP/gir1.2-glib-2.0_1.50.0-2_armhf.deb
./PIP/python-xdg_0.25-4_all.deb
./PIP/python-secretstorage_2.3.1-2_all.deb
./PIP/python-gi_3.22.0-2+b1_armhf.deb
./PIP/libpython-all-dev_2.7.13-2_armhf.deb
./PIP/libgirepository-1.0-1_1.50.0-2_armhf.deb
./PIP/python-pip_9.0.1-2_all.deb
./PIP/python-pip-whl_9.0.1-2_all.deb
./PIPs
./PIPs/wiringpi-2.44.3-cp27-cp27mu-linux_armv7l.whl
